2026-08-02 00:25:29.350 [info] CLI main {"_":[],"diff":false,"merge":false,"add":false,"remove":false,"goto":false,"new-window":false,"reuse-window":false,"agents":false,"wait":false,"help":false,"list-extensions":false,"show-versions":false,"pre-release":false,"update-extensions":true,"version":false,"verbose":false,"status":false,"prof-startup":false,"no-cached-data":false,"prof-v8-extensions":false,"disable-extensions":false,"disable-lcd-text":false,"disable-gpu":false,"disable-chromium-sandbox":false,"sandbox":false,"telemetry":false,"debugRenderer":false,"enable-smoke-test-driver":false,"skip-sessions-welcome":false,"logExtensionHostCommunication":false,"skip-release-notes":false,"skip-welcome":false,"disable-telemetry":false,"disable-updates":false,"share-secrets-with-agents-app":false,"transient":false,"use-inmemory-secretstorage":false,"disable-workspace-trust":false,"disable-crash-reporter":false,"skip-add-to-recently-opened":false,"open-url":false,"file-write":false,"file-chmod":false,"force":false,"do-not-sync":false,"do-not-include-pack-dependencies":false,"trace":false,"trace-memory-infra":false,"preserve-env":false,"force-user-env":false,"force-disable-user-env":false,"open-devtools":false,"disable-gpu-sandbox":false,"__enable-file-policy":false,"enable-coi":false,"enable-rdp-display-tracking":false,"disable-layout-restore":false,"disable-experiments":false,"no-proxy-server":false,"no-sandbox":false,"nolazy":false,"force-renderer-accessibility":false,"ignore-certificate-errors":false,"allow-insecure-localhost":false,"disable-dev-shm-usage":false,"profile-temp":false,"logsPath":"/home/ojas/.config/Code/logs/20260802T002529"}
2026-08-02 00:25:29.377 [error] Error: Unable to read file '/home/ojas/.vscode/extensions/leanprover.lean4-0.0.236.7537f61d.vsctmp/package.json' (Error: Unable to resolve nonexistent file '/home/ojas/.vscode/extensions/leanprover.lean4-0.0.236.7537f61d.vsctmp/package.json')
    at Tn.restoreReadError (file:///usr/share/code/resources/app/out/vs/code/node/cliProcessMain.js:464:75308)
    at Tn.doReadFileStream (file:///usr/share/code/resources/app/out/vs/code/node/cliProcessMain.js:464:75091)
    at async Tn.doReadFile (file:///usr/share/code/resources/app/out/vs/code/node/cliProcessMain.js:464:74355)
    at async Xi.scanExtensionManifest (file:///usr/share/code/resources/app/out/vs/code/node/cliProcessMain.js:458:23738)
    at async Xi.scanExtension (file:///usr/share/code/resources/app/out/vs/code/node/cliProcessMain.js:458:22169)
    at async Promise.all (index 6)
    at async Xi.scanExtensionsFromLocation (file:///usr/share/code/resources/app/out/vs/code/node/cliProcessMain.js:458:20428)
    at async no.scanAllUserExtensions (file:///usr/share/code/resources/app/out/vs/code/node/cliProcessMain.js:458:11481)
    at async Ps.scanAllUserExtensions (file:///usr/share/code/resources/app/out/vs/code/node/cliProcessMain.js:464:50172)
    at async Gl.deleteExtensionsNotInProfiles (file:///usr/share/code/resources/app/out/vs/code/node/cliProcessMain.js:464:36877)
    at async Gl.initialize (file:///usr/share/code/resources/app/out/vs/code/node/cliProcessMain.js:464:33701)
2026-08-02 00:25:29.377 [error] Error: Unable to read file '/home/ojas/.vscode/extensions/leanprover.lean4-0.0.237.59e4439b.vsctmp/package.json' (Error: Unable to resolve nonexistent file '/home/ojas/.vscode/extensions/leanprover.lean4-0.0.237.59e4439b.vsctmp/package.json')
    at Tn.restoreReadError (file:///usr/share/code/resources/app/out/vs/code/node/cliProcessMain.js:464:75308)
    at Tn.doReadFileStream (file:///usr/share/code/resources/app/out/vs/code/node/cliProcessMain.js:464:75091)
    at async Tn.doReadFile (file:///usr/share/code/resources/app/out/vs/code/node/cliProcessMain.js:464:74355)
    at async Xi.scanExtensionManifest (file:///usr/share/code/resources/app/out/vs/code/node/cliProcessMain.js:458:23738)
    at async Xi.scanExtension (file:///usr/share/code/resources/app/out/vs/code/node/cliProcessMain.js:458:22169)
    at async Promise.all (index 7)
    at async Xi.scanExtensionsFromLocation (file:///usr/share/code/resources/app/out/vs/code/node/cliProcessMain.js:458:20428)
    at async no.scanAllUserExtensions (file:///usr/share/code/resources/app/out/vs/code/node/cliProcessMain.js:458:11481)
    at async Ps.scanAllUserExtensions (file:///usr/share/code/resources/app/out/vs/code/node/cliProcessMain.js:464:50172)
    at async Gl.deleteExtensionsNotInProfiles (file:///usr/share/code/resources/app/out/vs/code/node/cliProcessMain.js:464:36877)
    at async Gl.initialize (file:///usr/share/code/resources/app/out/vs/code/node/cliProcessMain.js:464:33701)
2026-08-02 00:25:29.377 [error] Error: Unable to read file '/home/ojas/.vscode/extensions/ms-python.vscode-pylance-2026.2.1.-1cfb9977.vsctmp/package.json' (Error: Unable to resolve nonexistent file '/home/ojas/.vscode/extensions/ms-python.vscode-pylance-2026.2.1.-1cfb9977.vsctmp/package.json')
    at Tn.restoreReadError (file:///usr/share/code/resources/app/out/vs/code/node/cliProcessMain.js:464:75308)
    at Tn.doReadFileStream (file:///usr/share/code/resources/app/out/vs/code/node/cliProcessMain.js:464:75091)
    at async Tn.doReadFile (file:///usr/share/code/resources/app/out/vs/code/node/cliProcessMain.js:464:74355)
    at async Xi.scanExtensionManifest (file:///usr/share/code/resources/app/out/vs/code/node/cliProcessMain.js:458:23738)
    at async Xi.scanExtension (file:///usr/share/code/resources/app/out/vs/code/node/cliProcessMain.js:458:22169)
    at async Promise.all (index 11)
    at async Xi.scanExtensionsFromLocation (file:///usr/share/code/resources/app/out/vs/code/node/cliProcessMain.js:458:20428)
    at async no.scanAllUserExtensions (file:///usr/share/code/resources/app/out/vs/code/node/cliProcessMain.js:458:11481)
    at async Ps.scanAllUserExtensions (file:///usr/share/code/resources/app/out/vs/code/node/cliProcessMain.js:464:50172)
    at async Gl.deleteExtensionsNotInProfiles (file:///usr/share/code/resources/app/out/vs/code/node/cliProcessMain.js:464:36877)
    at async Gl.initialize (file:///usr/share/code/resources/app/out/vs/code/node/cliProcessMain.js:464:33701)
2026-08-02 00:25:29.377 [error] Error: Unable to read file '/home/ojas/.vscode/extensions/ms-vscode-remote.remote-containers-0.459.0.4630e8c3.vsctmp/package.json' (Error: Unable to resolve nonexistent file '/home/ojas/.vscode/extensions/ms-vscode-remote.remote-containers-0.459.0.4630e8c3.vsctmp/package.json')
    at Tn.restoreReadError (file:///usr/share/code/resources/app/out/vs/code/node/cliProcessMain.js:464:75308)
    at Tn.doReadFileStream (file:///usr/share/code/resources/app/out/vs/code/node/cliProcessMain.js:464:75091)
    at async Tn.doReadFile (file:///usr/share/code/resources/app/out/vs/code/node/cliProcessMain.js:464:74355)
    at async Xi.scanExtensionManifest (file:///usr/share/code/resources/app/out/vs/code/node/cliProcessMain.js:458:23738)
    at async Xi.scanExtension (file:///usr/share/code/resources/app/out/vs/code/node/cliProcessMain.js:458:22169)
    at async Promise.all (index 13)
    at async Xi.scanExtensionsFromLocation (file:///usr/share/code/resources/app/out/vs/code/node/cliProcessMain.js:458:20428)
    at async no.scanAllUserExtensions (file:///usr/share/code/resources/app/out/vs/code/node/cliProcessMain.js:458:11481)
    at async Ps.scanAllUserExtensions (file:///usr/share/code/resources/app/out/vs/code/node/cliProcessMain.js:464:50172)
    at async Gl.deleteExtensionsNotInProfiles (file:///usr/share/code/resources/app/out/vs/code/node/cliProcessMain.js:464:36877)
    at async Gl.initialize (file:///usr/share/code/resources/app/out/vs/code/node/cliProcessMain.js:464:33701)
